# ** Note: (vsim-220) '/soft64/mentor/ferramentas/questa/2025.3/questasim/linux_x86_64/../modelsim.ini' is used as the ini file.
# vsim -voptargs="+acc" -onfinish stop work.tb -l out.log 
# Start time: 19:17:32 on Oct 02,2026
# ** Note: (vsim-3812) Design is being optimized...
# ** Warning: (vopt-10587) Some optimizations are turned off because the +acc switch is in effect. This will cause your simulation to run slowly. Please use -access/-debug to maintain needed visibility. The +acc switch would be deprecated in a future release.
# ** Note: (vopt-220) '/soft64/mentor/ferramentas/questa/2025.3/questasim/linux_x86_64/../modelsim.ini' is used as the ini file.
# ** Note: (vopt-143) Recognized 1 FSM in module "receptor_padrao(fast)".
# ** Note: (vsim-12126) Error and warning message counts have been restored: Errors=0, Warnings=1.
# //  Questa Sim-64
# //  Version 2025.3 linux_x86_64 Sep 15 2025
# //
# // Unpublished work. Copyright 2025 Siemens
# //
# // This material contains trade secrets or otherwise confidential information
# // owned by Siemens Industry Software Inc. or its affiliates (collectively,
# // "SISW"), or its licensors. Access to and use of this information is strictly
# // limited as set forth in the Customer's applicable agreements with SISW.
# //
# // This material may not be copied, distributed, or otherwise disclosed outside
# // of the Customer's facilities without the express written permission of SISW,
# // and may not be used in any way not expressly authorized by SISW.
# //
# Loading sv_std.std
# Loading work.tb(fast)
# Loading work.receptor_padrao(fast)
# --------------------------------------------------
# PASS - 562 checks, 0 errors
# --------------------------------------------------
# ** Note: $stop    : tb.sv(316)
#    Time: 24130 ns  Iteration: 1  Instance: /tb
# Break in Module tb at tb.sv line 316
# Stopped at tb.sv line 316
#  quit -f
# End time: 19:17:32 on Oct 02,2026, Elapsed time: 0:00:00
# Errors: 0, Warnings: 1
